Last login: Tue Jun  6 13:50:24 on ttys000
pradeeptiwari@Pradeeps-MacBook-Pro ~ % docker pull nginx:latest
latest: Pulling from library/nginx
d981f2c20c93: Downloading  11.19MB/30.05MB
ad570474ca7c: Download complete
f8d678dfea40: Download complete
641e63c65399: Downloading
5a66194785b0: Download complete
ece6ba65e5cc: Download complete
error parsing HTTP 408 response body: invalid character '<' looking for beginning of value: "<html><body><h1>408 Request Time-out</h1>\nYour browser didn't send a complete request in time.\n</body></html>\n"
pradeeptiwari@Pradeeps-MacBook-Pro ~ % pwd
/Users/pradeeptiwari
pradeeptiwari@Pradeeps-MacBook-Pro ~ % pwd
/Users/pradeeptiwari
pradeeptiwari@Pradeeps-MacBook-Pro ~ % ls
Applications		IdeaProjects		Pictures
Creative Cloud Files	Library			Postman
Desktop			LocalAppData		Public
Documents		Movies
Downloads		Music
pradeeptiwari@Pradeeps-MacBook-Pro ~ % cd Downloads
pradeeptiwari@Pradeeps-MacBook-Pro Downloads % ls
Software
pradeeptiwari@Pradeeps-MacBook-Pro Downloads % cd Sof
cd: no such file or directory: Sof
pradeeptiwari@Pradeeps-MacBook-Pro Downloads % cd Software
pradeeptiwari@Pradeeps-MacBook-Pro Software % clear

pradeeptiwari@Pradeeps-MacBook-Pro Software % pw
zsh: command not found: pw
pradeeptiwari@Pradeeps-MacBook-Pro Software % clear





















pradeeptiwari@Pradeeps-MacBook-Pro Software % pwd
/Users/pradeeptiwari/Downloads/Software
pradeeptiwari@Pradeeps-MacBook-Pro Software % docker pull nginx 1.25
"docker pull" requires exactly 1 argument.
See 'docker pull --help'.

Usage:  docker pull [OPTIONS] NAME[:TAG|@DIGEST]

Download an image from a registry
pradeeptiwari@Pradeeps-MacBook-Pro Software % clear














pradeeptiwari@Pradeeps-MacBook-Pro Software % pwd
/Users/pradeeptiwari/Downloads/Software
pradeeptiwari@Pradeeps-MacBook-Pro Software % docker pull nginx:1.25
1.25: Pulling from library/nginx
d981f2c20c93: Pull complete
ad570474ca7c: Pull complete
f8d678dfea40: Pull complete
641e63c65399: Pull complete
5a66194785b0: Pull complete
ece6ba65e5cc: Pull complete
Digest: sha256:af296b188c7b7df99ba960ca614439c99cb7cf252ed7bbc23e90cfda59092305
Status: Downloaded newer image for nginx:1.25
docker.io/library/nginx:1.25
pradeeptiwari@Pradeeps-MacBook-Pro Software % pwd
/Users/pradeeptiwari/Downloads/Software
pradeeptiwari@Pradeeps-MacBook-Pro Software % ls
CLDownloader.dmg
CyberLink PhotoDirector 365.pkg
Docker.dmg
Firefox 112.0.1.dmg
GitHubDesktop-x64.zip
Install Spotify.app
Microsoft_365_and_Office_16.69.23010700_Installer.pkg
Microsoft_Office_2019_VL_Serializer.pkg
Photoshop_Installer.dmg
Postman for macOS (arm64).zip
SpotifyInstaller.zip
Sublime Text.app
Teams_osx.pkg
TextMate_2.0.23.tbz
VSCode-darwin-universal.zip
apache-maven-3.9.0-bin.tar.gz
eclipse-inst-jre-mac64.dmg
googlechrome.dmg
ideaIC-2022.3.2-aarch64.dmg
jdk-19_macos-aarch64_bin.dmg
mysql-8.0.32-macos13-x86_64.dmg
mysql-workbench-community-8.0.31-macos-x86_64.dmg
mysql-workbench-community-8.0.32-macos-x86_64.dmg
node-v18.13.0.pkg
python-3.11.3-macos11.pkg
python-3.7.0-macosx10.9.pkg
sublime_text_build_4143_mac.zip
pradeeptiwari@Pradeeps-MacBook-Pro Software % ls -a
.
..
.DS_Store
CLDownloader.dmg
CyberLink PhotoDirector 365.pkg
Docker.dmg
Firefox 112.0.1.dmg
GitHubDesktop-x64.zip
Install Spotify.app
Microsoft_365_and_Office_16.69.23010700_Installer.pkg
Microsoft_Office_2019_VL_Serializer.pkg
Photoshop_Installer.dmg
Postman for macOS (arm64).zip
SpotifyInstaller.zip
Sublime Text.app
Teams_osx.pkg
TextMate_2.0.23.tbz
VSCode-darwin-universal.zip
apache-maven-3.9.0-bin.tar.gz
eclipse-inst-jre-mac64.dmg
googlechrome.dmg
ideaIC-2022.3.2-aarch64.dmg
jdk-19_macos-aarch64_bin.dmg
mysql-8.0.32-macos13-x86_64.dmg
mysql-workbench-community-8.0.31-macos-x86_64.dmg
mysql-workbench-community-8.0.32-macos-x86_64.dmg
node-v18.13.0.pkg
python-3.11.3-macos11.pkg
python-3.7.0-macosx10.9.pkg
sublime_text_build_4143_mac.zip
pradeeptiwari@Pradeeps-MacBook-Pro Software % clear

pradeeptiwari@Pradeeps-MacBook-Pro Software % cd..
zsh: command not found: cd..
pradeeptiwari@Pradeeps-MacBook-Pro Software % pwd
/Users/pradeeptiwari/Downloads/Software
pradeeptiwari@Pradeeps-MacBook-Pro Software % docker images
REPOSITORY   TAG       IMAGE ID       CREATED       SIZE
nginx        1.25      c42efe0b5438   12 days ago   135MB
pradeeptiwari@Pradeeps-MacBook-Pro Software % cd ..
pradeeptiwari@Pradeeps-MacBook-Pro Downloads % pwd
/Users/pradeeptiwari/Downloads
pradeeptiwari@Pradeeps-MacBook-Pro Downloads % docker images
REPOSITORY   TAG       IMAGE ID       CREATED       SIZE
nginx        1.25      c42efe0b5438   12 days ago   135MB
pradeeptiwari@Pradeeps-MacBook-Pro Downloads % pwd
/Users/pradeeptiwari/Downloads
pradeeptiwari@Pradeeps-MacBook-Pro Downloads % cd ..
pradeeptiwari@Pradeeps-MacBook-Pro ~ % pwd
/Users/pradeeptiwari
pradeeptiwari@Pradeeps-MacBook-Pro ~ % docker images
REPOSITORY   TAG       IMAGE ID       CREATED       SIZE
nginx        1.25      c42efe0b5438   12 days ago   135MB
pradeeptiwari@Pradeeps-MacBook-Pro ~ % clear


pradeeptiwari@Pradeeps-MacBook-Pro ~ % pwd
/Users/pradeeptiwari
pradeeptiwari@Pradeeps-MacBook-Pro ~ % clear





















pradeeptiwari@Pradeeps-MacBook-Pro ~ % pwd
/Users/pradeeptiwari
pradeeptiwari@Pradeeps-MacBook-Pro ~ % docker images
REPOSITORY   TAG       IMAGE ID       CREATED       SIZE
nginx        1.25      c42efe0b5438   12 days ago   135MB
pradeeptiwari@Pradeeps-MacBook-Pro ~ % docker run nginx:1.25
/docker-entrypoint.sh: /docker-entrypoint.d/ is not empty, will attempt to perform configuration
/docker-entrypoint.sh: Looking for shell scripts in /docker-entrypoint.d/
/docker-entrypoint.sh: Launching /docker-entrypoint.d/10-listen-on-ipv6-by-default.sh
10-listen-on-ipv6-by-default.sh: info: Getting the checksum of /etc/nginx/conf.d/default.conf
10-listen-on-ipv6-by-default.sh: info: Enabled listen on IPv6 in /etc/nginx/conf.d/default.conf
/docker-entrypoint.sh: Launching /docker-entrypoint.d/20-envsubst-on-templates.sh
/docker-entrypoint.sh: Launching /docker-entrypoint.d/30-tune-worker-processes.sh
/docker-entrypoint.sh: Configuration complete; ready for start up
2023/06/06 08:55:00 [notice] 1#1: using the "epoll" event method
2023/06/06 08:55:00 [notice] 1#1: nginx/1.25.0
2023/06/06 08:55:00 [notice] 1#1: built by gcc 10.2.1 20210110 (Debian 10.2.1-6)
2023/06/06 08:55:00 [notice] 1#1: OS: Linux 5.15.49-linuxkit-pr
2023/06/06 08:55:00 [notice] 1#1: getrlimit(RLIMIT_NOFILE): 1048576:1048576
2023/06/06 08:55:00 [notice] 1#1: start worker processes
2023/06/06 08:55:00 [notice] 1#1: start worker process 29
2023/06/06 08:55:00 [notice] 1#1: start worker process 30
2023/06/06 08:55:00 [notice] 1#1: start worker process 31
2023/06/06 08:55:00 [notice] 1#1: start worker process 32


